---
source: crates/scribium-core/src/syntax/markdown/parser.rs
expression: "parse(\"Visit [Typst](https://typst.app).\\n\\nSee [**M2** docs](#intro) or [file](docs/page.html).\\n\")"
---
Document {
    nodes: [
        Paragraph {
            content: [
                Text {
                    content: "Visit ",
                    span: ByteSpan {
                        start: 0,
                        end: 6,
                    },
                },
                Link {
                    content: [
                        Text {
                            content: "Typst",
                            span: ByteSpan {
                                start: 7,
                                end: 12,
                            },
                        },
                    ],
                    destination: "https://typst.app",
                    span: ByteSpan {
                        start: 6,
                        end: 32,
                    },
                },
                Text {
                    content: ".",
                    span: ByteSpan {
                        start: 32,
                        end: 33,
                    },
                },
            ],
            span: ByteSpan {
                start: 0,
                end: 34,
            },
        },
        Paragraph {
            content: [
                Text {
                    content: "See ",
                    span: ByteSpan {
                        start: 35,
                        end: 39,
                    },
                },
                Link {
                    content: [
                        Strong {
                            content: [
                                Text {
                                    content: "M2",
                                    span: ByteSpan {
                                        start: 42,
                                        end: 44,
                                    },
                                },
                            ],
                            span: ByteSpan {
                                start: 40,
                                end: 46,
                            },
                        },
                        Text {
                            content: " docs",
                            span: ByteSpan {
                                start: 46,
                                end: 51,
                            },
                        },
                    ],
                    destination: "#intro",
                    span: ByteSpan {
                        start: 39,
                        end: 60,
                    },
                },
                Text {
                    content: " or ",
                    span: ByteSpan {
                        start: 60,
                        end: 64,
                    },
                },
                Link {
                    content: [
                        Text {
                            content: "file",
                            span: ByteSpan {
                                start: 65,
                                end: 69,
                            },
                        },
                    ],
                    destination: "docs/page.html",
                    span: ByteSpan {
                        start: 64,
                        end: 86,
                    },
                },
                Text {
                    content: ".",
                    span: ByteSpan {
                        start: 86,
                        end: 87,
                    },
                },
            ],
            span: ByteSpan {
                start: 35,
                end: 88,
            },
        },
    ],
    front_matter: None,
    line_count: 4,
}
