---
source: crates/scribium-core/src/syntax/markdown/parser.rs
assertion_line: 1173
expression: "parse(\"# Title\\n\\nIntro *em* and **strong**.\\n\\n- one\\n- two\\n\")"
---
Document {
    nodes: [
        Heading {
            level: 1,
            content: [
                Text {
                    content: "Title",
                    span: ByteSpan {
                        start: 2,
                        end: 7,
                    },
                },
            ],
            span: ByteSpan {
                start: 0,
                end: 8,
            },
        },
        Paragraph {
            content: [
                Text {
                    content: "Intro ",
                    span: ByteSpan {
                        start: 9,
                        end: 15,
                    },
                },
                Emphasis {
                    content: [
                        Text {
                            content: "em",
                            span: ByteSpan {
                                start: 16,
                                end: 18,
                            },
                        },
                    ],
                    span: ByteSpan {
                        start: 15,
                        end: 19,
                    },
                },
                Text {
                    content: " and ",
                    span: ByteSpan {
                        start: 19,
                        end: 24,
                    },
                },
                Strong {
                    content: [
                        Text {
                            content: "strong",
                            span: ByteSpan {
                                start: 26,
                                end: 32,
                            },
                        },
                    ],
                    span: ByteSpan {
                        start: 24,
                        end: 34,
                    },
                },
                Text {
                    content: ".",
                    span: ByteSpan {
                        start: 34,
                        end: 35,
                    },
                },
            ],
            span: ByteSpan {
                start: 9,
                end: 36,
            },
        },
        UnorderedList {
            items: [
                ListItem {
                    content: [
                        Paragraph {
                            content: [
                                Text {
                                    content: "one",
                                    span: ByteSpan {
                                        start: 39,
                                        end: 42,
                                    },
                                },
                            ],
                            span: ByteSpan {
                                start: 39,
                                end: 43,
                            },
                        },
                    ],
                    span: ByteSpan {
                        start: 37,
                        end: 43,
                    },
                },
                ListItem {
                    content: [
                        Paragraph {
                            content: [
                                Text {
                                    content: "two",
                                    span: ByteSpan {
                                        start: 45,
                                        end: 48,
                                    },
                                },
                            ],
                            span: ByteSpan {
                                start: 45,
                                end: 49,
                            },
                        },
                    ],
                    span: ByteSpan {
                        start: 43,
                        end: 49,
                    },
                },
            ],
            span: ByteSpan {
                start: 37,
                end: 49,
            },
        },
    ],
    line_count: 7,
}
