---
source: crates/scribium-core/src/syntax/markdown/parser.rs
assertion_line: 1181
expression: "parse(\"```rust\\nlet x = 1;\\n```\\n\\nEnd  \\nof line.\\n\")"
---
Document {
    nodes: [
        CodeBlock {
            language: Some(
                "rust",
            ),
            source: "let x = 1;",
            span: ByteSpan {
                start: 0,
                end: 23,
            },
        },
        Paragraph {
            content: [
                Text {
                    content: "End",
                    span: ByteSpan {
                        start: 24,
                        end: 27,
                    },
                },
                HardBreak {
                    span: ByteSpan {
                        start: 27,
                        end: 30,
                    },
                },
                Text {
                    content: "of line.",
                    span: ByteSpan {
                        start: 30,
                        end: 38,
                    },
                },
            ],
            span: ByteSpan {
                start: 24,
                end: 39,
            },
        },
    ],
    line_count: 7,
}
